[13ago2026 22:52:21.561] [main/INFO] [cpw.mods.modlauncher.Launcher/MODLAUNCHER]: ModLauncher running: args [--launchTarget, forgeclientdev, --version, 21.1.248, --assetIndex, 17, --assetsDir, /home/srl/.gradle/caches/neoformruntime/assets, --gameDir, ., --fml.fmlVersion, 4.0.43, --fml.mcVersion, 1.21.1, --fml.neoForgeVersion, 21.1.248, --fml.neoFormVersion, 20240808.144430]
[13ago2026 22:52:21.563] [main/INFO] [cpw.mods.modlauncher.Launcher/MODLAUNCHER]: JVM identified as Red Hat, Inc. OpenJDK 64-Bit Server VM 21.0.11+10
[13ago2026 22:52:21.564] [main/INFO] [cpw.mods.modlauncher.Launcher/MODLAUNCHER]: ModLauncher 11.0.5+main.901c6ea8 starting: java version 21.0.11 by Red Hat, Inc.; OS Linux arch amd64 version 7.1.8-100.fc43.x86_64
[13ago2026 22:52:21.630] [main/INFO] [net.neoforged.fml.loading.ImmediateWindowHandler/]: Loading ImmediateWindowProvider fmlearlywindow
[13ago2026 22:52:21.711] [main/INFO] [EARLYDISPLAY/]: Trying GL version 4.6
[13ago2026 22:52:21.763] [main/INFO] [EARLYDISPLAY/]: Requested GL version 4.6 got version 4.6
[13ago2026 22:52:21.812] [main/INFO] [mixin/]: SpongePowered MIXIN Subsystem Version=0.8.7 Source=union:/home/srl/.gradle/caches/modules-2/files-2.1/net.fabricmc/sponge-mixin/0.15.2+mixin.0.8.7/2af2f021d8e02a0220dc27a7a72b4666d66d44ca/sponge-mixin-0.15.2+mixin.0.8.7.jar%23126!/ Service=ModLauncher Env=CLIENT
[13ago2026 22:52:21.867] [pool-2-thread-1/INFO] [EARLYDISPLAY/]: GL info: AMD Radeon 890M Graphics (radeonsi, gfx1150, LLVM 21.1.8, DRM 3.64, 7.1.8-100.fc43.x86_64) GL version 4.6 (Core Profile) Mesa 25.3.6, AMD
[13ago2026 22:52:22.072] [main/WARN] [net.neoforged.jarjar.selection.JarSelector/]: Attempted to select a dependency jar for JarJar which was passed in as source: flywheel. Using Mod File: /home/srl/.gradle/caches/modules-2/files-2.1/dev.engine-room.flywheel/flywheel-neoforge-1.21.1/1.0.4/47fe9da825b4479bbac55d6432d5932ee76f32f0/flywheel-neoforge-1.21.1-1.0.4.jar
[13ago2026 22:52:22.072] [main/WARN] [net.neoforged.jarjar.selection.JarSelector/]: Attempted to select a dependency jar for JarJar which was passed in as source: ponder. Using Mod File: /home/srl/.gradle/caches/modules-2/files-2.1/net.createmod.ponder/ponder-neoforge/1.0.82+mc1.21.1/b10a04f40b9d6d33c346fb38df33f10f7e51b713/ponder-neoforge-1.0.82+mc1.21.1.jar
[13ago2026 22:52:22.072] [main/INFO] [net.neoforged.fml.loading.moddiscovery.locators.JarInJarDependencyLocator/]: Found 10 dependencies adding them to mods collection
[13ago2026 22:52:22.073] [main/INFO] [net.neoforged.fml.loading.moddiscovery.ModDiscoverer/]: 
     Mod List:
		Name Version (Mod Id)

		Architectury 13.0.11 (architectury)
		CC: Tweaked 1.120.0 (computercraft)
		Create 6.0.10 (create)
		Create: Power Grid 0.5.5.1 (powergrid)
		Flywheel 1.0.4 (flywheel)
		Minecraft 1.21.1 (minecraft)
		NeoForge 21.1.248 (neoforge)
		Ponder 1.0.82+mc1.21.1 (ponder)
		Power Grid: Dynamic Motors w/ CC 1.0-SNAPSHOT (pgdmcc)
		Sable Companion 1.5.0 (sablecompanion)
[13ago2026 22:52:22.572] [main/INFO] [mixin/]: Compatibility level set to JAVA_21
[13ago2026 22:52:22.599] [main/INFO] [cpw.mods.modlauncher.LaunchServiceHandler/MODLAUNCHER]: Launching target 'forgeclientdev' with arguments [--version, 21.1.248, --gameDir, ., --assetsDir, /home/srl/.gradle/caches/neoformruntime/assets, --assetIndex, 17]
[13ago2026 22:52:22.641] [main/WARN] [mixin/]: Reference map 'ponder.refmap.json' for ponder-common.mixins.json could not be read. If this is a development environment you can ignore this message
[13ago2026 22:52:22.925] [main/WARN] [mixin/]: Error loading class: dev/ryanhcode/sable/api/SubLevelAssemblyHelper (java.lang.ClassNotFoundException: dev.ryanhcode.sable.api.SubLevelAssemblyHelper)
[13ago2026 22:52:22.926] [main/WARN] [mixin/]: @Mixin target dev.ryanhcode.sable.api.SubLevelAssemblyHelper was not found powergrid.mixins.json:sable.SubLevelAssemblerMixin from mod powergrid
[13ago2026 22:52:23.088] [main/WARN] [mixin/]: Error loading class: org/jetbrains/annotations/ApiStatus$ScheduledForRemoval (java.lang.ClassNotFoundException: org.jetbrains.annotations.ApiStatus$ScheduledForRemoval)
[13ago2026 22:52:23.120] [main/INFO] [MixinExtras|Service/]: Initializing MixinExtras via com.llamalad7.mixinextras.service.MixinExtrasServiceImpl(version=0.5.3).
[13ago2026 22:52:23.886] [Datafixer Bootstrap/INFO] [com.mojang.datafixers.DataFixerBuilder/]: 229 Datafixer optimizations took 118 milliseconds
[13ago2026 22:52:26.909] [main/WARN] [net.minecraft.commands.Commands/]: Ambiguity between arguments [teleport, location] and [teleport, destination] with inputs: [0.1 -0.5 .9, 0 0 0]
[13ago2026 22:52:26.910] [main/WARN] [net.minecraft.commands.Commands/]: Ambiguity between arguments [teleport, location] and [teleport, targets] with inputs: [0.1 -0.5 .9, 0 0 0]
[13ago2026 22:52:26.911] [main/WARN] [net.minecraft.commands.Commands/]: Ambiguity between arguments [teleport, destination] and [teleport, targets] with inputs: [Player, 0123, @e, dd12be42-52a9-4a91-a8a1-11c01849e498]
[13ago2026 22:52:26.912] [main/WARN] [net.minecraft.commands.Commands/]: Ambiguity between arguments [teleport, targets] and [teleport, destination] with inputs: [Player, 0123, dd12be42-52a9-4a91-a8a1-11c01849e498]
[13ago2026 22:52:26.912] [main/WARN] [net.minecraft.commands.Commands/]: Ambiguity between arguments [teleport, targets, location] and [teleport, targets, destination] with inputs: [0.1 -0.5 .9, 0 0 0]
[13ago2026 22:52:26.991] [Render thread/WARN] [net.minecraft.server.packs.VanillaPackResourcesBuilder/]: Assets URL 'union:/home/srl/Programming/Minecraft/PGDMCC/build/moddev/artifacts/neoforge-21.1.248.jar%23177!/assets/.mcassetsroot' uses unexpected schema
[13ago2026 22:52:26.991] [Render thread/WARN] [net.minecraft.server.packs.VanillaPackResourcesBuilder/]: Assets URL 'union:/home/srl/Programming/Minecraft/PGDMCC/build/moddev/artifacts/neoforge-21.1.248.jar%23177!/data/.mcassetsroot' uses unexpected schema
[13ago2026 22:52:27.004] [Render thread/INFO] [com.mojang.authlib.yggdrasil.YggdrasilAuthenticationService/]: Environment: Environment[sessionHost=https://sessionserver.mojang.com, servicesHost=https://api.minecraftservices.com, name=PROD]
[13ago2026 22:52:27.010] [Render thread/INFO] [net.minecraft.client.Minecraft/]: Setting user: Dev
[13ago2026 22:52:27.056] [Render thread/INFO] [net.minecraft.client.Minecraft/]: Backend library: LWJGL version 3.3.3+5
[13ago2026 22:52:27.395] [modloading-worker-0/INFO] [net.neoforged.neoforge.common.NeoForgeMod/NEOFORGE-MOD]: NeoForge mod loading, version 21.1.248, for MC 1.21.1
[13ago2026 22:52:27.446] [modloading-worker-0/INFO] [com.simibubi.create.Create/]: Create 6.0.10 initializing! Commit hash: ac0c444d9828da3453ae8cc65338e8de063286fb
[13ago2026 22:52:27.463] [modloading-worker-0/INFO] [org.patryk3211.powergrid.PowerGrid/]: Power grid starting, prepare to be electrocuted
[13ago2026 22:52:27.468] [modloading-worker-0/INFO] [org.patryk3211.powergrid.PowerGrid/]: Native backend loaded successfully
[13ago2026 22:52:29.621] [Render thread/INFO] [net.neoforged.neoforge.gametest.GameTestHooks/]: Enabled Gametest Namespaces: [pgdmcc]
[13ago2026 22:52:29.791] [Render thread/INFO] [net.minecraft.server.packs.resources.ReloadableResourceManager/]: Reloading ResourceManager: vanilla, mod_resources, mod/flywheel, mod/sablecompanion, mod/pgdmcc, mod/architectury, mod/powergrid, mod/ponder, mod/create, mod/computercraft, mod/neoforge
[13ago2026 22:52:29.832] [NeoForge Version Check/INFO] [net.neoforged.fml.VersionChecker/]: [create] Starting version check at https://api.modrinth.com/updates/create/forge_updates.json?neoforge=only
[13ago2026 22:52:29.838] [Worker-Main-14/INFO] [net.minecraft.client.gui.font.providers.UnihexProvider/]: Found unifont_all_no_pua-15.1.05.hex, loading
[13ago2026 22:52:29.843] [Worker-Main-2/INFO] [net.minecraft.client.gui.font.providers.UnihexProvider/]: Found unifont_jp_patch-15.1.05.hex, loading
[13ago2026 22:52:30.277] [NeoForge Version Check/INFO] [net.neoforged.fml.VersionChecker/]: [create] Found status: OUTDATED Current: 6.0.10 Target: 6.0.10+mc1.21.1
[13ago2026 22:52:30.277] [NeoForge Version Check/INFO] [net.neoforged.fml.VersionChecker/]: [computercraft] Starting version check at https://api.modrinth.com/updates/cc-tweaked/forge_updates.json
[13ago2026 22:52:30.323] [NeoForge Version Check/INFO] [net.neoforged.fml.VersionChecker/]: [computercraft] Found status: BETA Current: 1.120.0 Target: null
[13ago2026 22:52:31.585] [Worker-Main-6/INFO] [PonderIndex/]: Registering Ponder Scenes took 49.45 ms
[13ago2026 22:52:31.588] [Worker-Main-6/INFO] [PonderIndex/]: Registering Ponder Tags took 2.915 ms
[13ago2026 22:52:31.675] [Render thread/WARN] [net.minecraft.client.sounds.SoundEngine/]: Missing sound for event: minecraft:item.goat_horn.play
[13ago2026 22:52:31.675] [Render thread/WARN] [net.minecraft.client.sounds.SoundEngine/]: Missing sound for event: minecraft:entity.goat.screaming.horn_break
[13ago2026 22:52:31.706] [Render thread/INFO] [com.mojang.blaze3d.audio.Library/]: OpenAL initialized on device soundcore Space One
[13ago2026 22:52:31.707] [Render thread/INFO] [net.minecraft.client.sounds.SoundEngine/SOUNDS]: Sound engine started
[13ago2026 22:52:31.798] [Render thread/INFO] [net.minecraft.client.renderer.texture.TextureAtlas/]: Created: 2048x1024x4 minecraft:textures/atlas/blocks.png-atlas
[13ago2026 22:52:31.839] [Render thread/INFO] [net.minecraft.client.renderer.texture.TextureAtlas/]: Created: 256x256x4 minecraft:textures/atlas/signs.png-atlas
[13ago2026 22:52:31.839] [Render thread/INFO] [net.minecraft.client.renderer.texture.TextureAtlas/]: Created: 512x512x4 minecraft:textures/atlas/shield_patterns.png-atlas
[13ago2026 22:52:31.840] [Render thread/INFO] [net.minecraft.client.renderer.texture.TextureAtlas/]: Created: 512x512x4 minecraft:textures/atlas/banner_patterns.png-atlas
[13ago2026 22:52:31.841] [Render thread/INFO] [net.minecraft.client.renderer.texture.TextureAtlas/]: Created: 2048x1024x4 minecraft:textures/atlas/armor_trims.png-atlas
[13ago2026 22:52:31.857] [Render thread/INFO] [net.minecraft.client.renderer.texture.TextureAtlas/]: Created: 256x256x4 minecraft:textures/atlas/chest.png-atlas
[13ago2026 22:52:31.857] [Render thread/INFO] [net.minecraft.client.renderer.texture.TextureAtlas/]: Created: 128x64x4 minecraft:textures/atlas/decorated_pot.png-atlas
[13ago2026 22:52:31.858] [Render thread/INFO] [net.minecraft.client.renderer.texture.TextureAtlas/]: Created: 512x256x4 minecraft:textures/atlas/shulker_boxes.png-atlas
[13ago2026 22:52:31.858] [Render thread/INFO] [net.minecraft.client.renderer.texture.TextureAtlas/]: Created: 512x256x4 minecraft:textures/atlas/beds.png-atlas
[13ago2026 22:52:31.897] [Render thread/INFO] [net.minecraft.client.renderer.texture.TextureAtlas/]: Created: 512x256x0 minecraft:textures/atlas/particles.png-atlas
[13ago2026 22:52:31.899] [Render thread/INFO] [net.minecraft.client.renderer.texture.TextureAtlas/]: Created: 512x256x0 minecraft:textures/atlas/paintings.png-atlas
[13ago2026 22:52:31.900] [Render thread/INFO] [net.minecraft.client.renderer.texture.TextureAtlas/]: Created: 256x128x0 minecraft:textures/atlas/mob_effects.png-atlas
[13ago2026 22:52:31.900] [Render thread/INFO] [net.minecraft.client.renderer.texture.TextureAtlas/]: Created: 64x64x0 minecraft:textures/atlas/map_decorations.png-atlas
[13ago2026 22:52:31.900] [Render thread/INFO] [net.minecraft.client.renderer.texture.TextureAtlas/]: Created: 1024x512x0 minecraft:textures/atlas/gui.png-atlas
[13ago2026 22:52:31.910] [Render thread/WARN] [net.minecraft.client.renderer.ShaderInstance/]: Shader rendertype_entity_translucent_emissive could not find sampler named Sampler2 in the specified shader program.
[13ago2026 22:52:31.959] [Render thread/INFO] [flywheel/backend/shaders/]: Loaded 77 shader sources in 13.966 ms
[13ago2026 22:52:31.973] [Render thread/INFO] [com.simibubi.create.Create/]: Loaded 58 train hat configurations.
[13ago2026 22:52:31.974] [Render thread/INFO] [net.neoforged.neoforge.client.entity.animation.json.AnimationLoader/]: Loaded 0 entity animations
[13ago2026 22:53:27.523] [Render thread/INFO] [net.minecraft.client.Minecraft/]: Stopping!
